CheckpointCertificate(NonEmptyList(Header(ByteVector(32 bytes, 0x68017f7a80015c7f01ffc10001000087017fa3b8d2807faa8000ff8005018080),ByteVector(32 bytes, 0x7f08b76d73018044cdff7f1b6780ffcc04258b74ff807fff3b5c01867fff493d),ByteVector(32 bytes, 0x6fd07f2e8687007f807f4380a9eeff647f454f1600a2801280570048568ff300)), Header(ByteVector(32 bytes, 0x66001b8000ff518000f79723000100264c01d17f01797adb3600e4cf41ff769a),ByteVector(32 bytes, 0x9b1ee3dfc2000180be00809f7f77017bff00d6e001e6ed408a7f0091095700b7),ByteVector(32 bytes, 0x803100737cff804f7f7cf2ccd5ff7fc2809ad67a7f51b2ff007f266c29fff080))),CheckpointCandidate(BitVector(424 bits, 0x3e807fffc5ff7f7f7f01430101a5017fff80001f40ce800100000770ff020077007f007fc601354501ff0000017f12ff0b7f7f7201)),Proof(2,Vector(ByteVector(32 bytes, 0x0063ff8000e56b01bb7f7a047fc40180cd00ff8013827f7f607fffdba4ffba88), ByteVector(32 bytes, 0x43ff01ff7f80847fb97f6bceae0001fff6c0ffde80a1b2010081017f7f70807f))),QuorumCertificate(Commit,10,ByteVector(32 bytes, 0x1f3e7f7f2f337fb680a1808bd622ff977f9bff7bffbb80007f23ffa3ff8053cf),GroupSignature(List(ECDSASignature(71,91,28), ECDSASignature(94,97,27)))))